[
    {
      "vulnerability": "VulnA",
      "sources": [
        "srcA1",
        "srcA1"
      ],
      "sanitizers": [
        "sanA1"
      ],
      "sinks": [
        "snkA1"
      ]
    }
  ]